
IEEE 695 OMF Linker Version 6.03 (05021601)
Copyright (C) 1999-2004 ZiLOG, Inc. All Rights Reserved

LINK MAP:

DATE:      Thu Jun 19 16:32:28 2014
PROCESSOR: assembler
FILES:     C:\PROGRA~2\ZiLOG\ZDSII_~1.3\lib\zilog\startupL.obj
           .\zsldevinit.obj
           .\ansi.obj             .\main.obj             .\MathFix.obj          
           .\sinLUT.obj           .\led.obj              .\helper.obj           
           .\time.obj             
           C:\PROGRA~2\ZiLOG\ZDSII_~1.3\lib\std\crtrevaaLDD.lib
           C:\PROGRA~2\ZiLOG\ZDSII_~1.3\lib\std\fpdumyL.obj
           C:\PROGRA~2\ZiLOG\ZDSII_~1.3\lib\zilog\zslLYD.lib
           


COMMAND LIST:
=============
/* Linker Command File - ArkanoidZ8 Debug */

/* compiler options */
/* -alias -asm -bitfieldsize:32 -charsize:8 -const:RAM -debug */
/* -define:_Z8F6403 -define:_Z8ENCORE_640_FAMILY */
/* -define:_Z8ENCORE_F640X -define:_MODEL_LARGE -doublesize:32 */
/* -NOexpmac -floatsize:32 -NOfplib -genprintf -NOglobalcopy */
/* -NOglobalcse -NOglobalfold -intrinsic -intsize:16 -intsrc */
/* -NOjmpopt -NOkeepasm -NOkeeplst -NOlist -NOlistinc -localcopy */
/* -localcse -localfold -longsize:32 -NOloopopt -maxerrs:50 -model:L */
/* -NOoptlink -optsize -peephole -NOpromote -quiet -regvar -revaa */
/* -NOsdiopt -shortsize:16 */
/* -stdinc:"C:\PROGRA~2\ZiLOG\ZDSII_~1.3\include\std;C:\PROGRA~2\ZiLOG\ZDSII_~1.3\include\zilog;C:\PROGRA~2\ZiLOG\ZDSII_~1.3\include\zilog\Z8Encore_F640X" */
/* -strict -NOwatch -cpu:Z8F6403 */
/* -asmsw:" -cpu:Z8F6403 -define:_Z8F6403=1 -define:_Z8ENCORE_640_FAMILY=1 -define:_Z8ENCORE_F640X=1 -define:_MODEL_LARGE=1 -include:C:\PROGRA~2\ZiLOG\ZDSII_~1.3\include\std;C:\PROGRA~2\ZiLOG\ZDSII_~1.3\include\zilog;C:\PROGRA~2\ZiLOG\ZDSII_~1.3\include\zilog\Z8Encore_F640X -revaa" */

/* assembler options */
/* -debug -define:_Z8F6403=1 -define:_Z8ENCORE_640_FAMILY=1 */
/* -define:_Z8ENCORE_F640X=1 -define:_MODEL_LARGE=1 -genobj */
/* -NOigcase */
/* -include:"C:\PROGRA~2\ZiLOG\ZDSII_~1.3\include\std;C:\PROGRA~2\ZiLOG\ZDSII_~1.3\include\zilog;C:\PROGRA~2\ZiLOG\ZDSII_~1.3\include\zilog\Z8Encore_F640X" */
/* -list -NOlistmac -name -pagelen:56 -pagewidth:80 -quiet -sdiopt */
/* -warn -NOzmasm -revaa -cpu:Z8F6403 */

-FORMAT=OMF695
-NOigcase -map -quiet -warn -NOwarnoverlap -NOxref

RANGE ROM $0 : $FFFF
RANGE RDATA $20 : $FF
RANGE EDATA $100 : $EFF

CHANGE TEXT=EDATA
CHANGE TEXT=FAR_DATA
change NEAR_TXT=NEAR_DATA
change FAR_TXT=FAR_DATA
ORDER FAR_BSS, FAR_DATA
ORDER NEAR_BSS,NEAR_DATA
COPY NEAR_DATA ROM
COPY FAR_DATA ROM

define _low_near_romdata = copy base of NEAR_DATA
define _low_neardata = base of NEAR_DATA
define _len_neardata = length of NEAR_DATA
define _low_far_romdata = copy base of FAR_DATA
define _low_fardata = base of FAR_DATA
define _len_fardata = length of FAR_DATA
define _low_nearbss = base of NEAR_BSS
define _len_nearbss = length of NEAR_BSS
define _low_farbss = base of FAR_BSS
define _len_farbss = length of FAR_BSS
define _far_heaptop = highaddr of EDATA
define _far_stack = highaddr of EDATA
define _near_stack = highaddr of RDATA
define _far_heapbot = top of EDATA
define _near_heaptop = highaddr of RDATA
define _near_heapbot = top of RDATA

define _zsl_g_clock_xdefine = 18432000

/* Set frequency to 18432000 Hz */
define __user_frequency = 18432000

"C:\Users\s122554\Desktop\ArkanoidZ8\ArkanoidZ8"=  C:\PROGRA~2\ZiLOG\ZDSII_~1.3\lib\zilog\startupL.obj,  .\zsldevinit.obj,  .\ansi.obj,  .\main.obj,  .\MathFix.obj,  .\sinLUT.obj,  .\led.obj,  .\helper.obj,  .\time.obj,  C:\PROGRA~2\ZiLOG\ZDSII_~1.3\lib\std\crtrevaaLDD.lib,  C:\PROGRA~2\ZiLOG\ZDSII_~1.3\lib\std\fpdumyL.obj,  C:\PROGRA~2\ZiLOG\ZDSII_~1.3\lib\zilog\zslLYD.lib


SEGMENT OVERLAYS:
=================

Name                                     Base        Top       Length
------------------------------------ ----------- ----------- ----------
Section: __VECTORS                        C:0000      C:000E         fh

SPACE ALLOCATION:
=================

Space              Base        Top         Size
------------------ ----------- ----------- ---------
EDATA                   E:0100      E:0A1F      920h
RDATA                     R:E0        R:EF       10h
ROM                     C:0000      C:73B1     73b2h


SEGMENTS WITHIN SPACE:
======================

EDATA              Type                Base        Top         Size
------------------ ------------------- ----------- ----------- ---------
FAR_BSS            normal data              E:0100      E:02FB      1fch
FAR_DATA           normal data              E:02FC      E:0A1F      724h


RDATA              Type                Base        Top         Size
------------------ ------------------- ----------- ----------- ---------
workingreg         absolute data              R:E0        R:EF       10h


ROM                Type                Base        Top         Size
------------------ ------------------- ----------- ----------- ---------
__VECTORS          absolute data            C:0000      C:0037       38h
_sputch_TEXT       normal data              C:659D      C:65CB       2fh
_uputch_TEXT       normal data              C:656E      C:6586       19h
abs_TEXT           normal data              C:67DB      C:6818       3eh
ansi_TEXT          normal data              C:2C4E      C:366D      a20h
CODE               normal data              C:290A      C:2BB7      2aeh
FAR_DATA           * segment copy *         C:6C8E      C:73B1      724h
getfreq_TEXT       normal data              C:60B1      C:60C7       17h
helper_TEXT        normal data              C:5BC9      C:5C04       3ch
led_TEXT           normal data              C:5935      C:5BC8      294h
main_TEXT          normal data              C:366E      C:503F     19d2h
mathfix_TEXT       normal data              C:5040      C:5934      8f5h
mstring_TEXT       normal data              C:678E      C:67DA       4dh
nt_send_TEXT       normal data              C:5EDD      C:60B0      1d4h
putch_TEXT         normal data              C:6B77      C:6BD3       5dh
reverse_TEXT       normal data              C:6819      C:68ED       d5h
ROM_DATA           normal data              C:0038      C:2909     28d2h
ROM_TEXT           normal data              C:2BB8      C:2BDC       25h
sio_TEXT           normal data              C:5DFB      C:5EDC       e2h
startup            normal data              C:2BDD      C:2C4D       71h
strlen_TEXT        normal data              C:64E1      C:6522       42h
t_putch_TEXT       normal data              C:6587      C:659C       16h
teuart0_TEXT       normal data              C:6BD4      C:6C8D       bah
time_TEXT          normal data              C:5C05      C:5DFA      1f6h
tstring_TEXT       normal data              C:65CC      C:678D      1c2h
ultoa_TEXT         normal data              C:60C8      C:64E0      419h
ustoa_TEXT         normal data              C:6547      C:656D       27h
uultoa_TEXT        normal data              C:68EE      C:6B76      289h
uustoa_TEXT        normal data              C:6523      C:6546       24h

SEGMENTS WITHIN MODULES:
========================

Module: ..\..\src\boot\common\startupl.asm (File: startupL.obj) Version: 1:0 02/23/2005 13:22:37

    Name                                        Base        Top      Size
    --------------------------------------- ----------- ----------- ---------
    Segment: __VECTORS                           C:0000      C:0037       38h
    Segment: FAR_BSS                             E:0100      E:0101        2h
    Segment: FAR_DATA                            E:02FC      E:02FC        1h
    Segment: startup                             C:2BDD      C:2C4D       71h
    Segment: workingreg                            R:E0        R:EF       10h


Module: ..\UART\COMMON\PUTCH.C (Library: zslLYD.lib) Version: 1:0 02/23/2005 13:32:42

    Name                                        Base        Top      Size
    --------------------------------------- ----------- ----------- ---------
    Segment: putch_TEXT                          C:6B77      C:6BD3       5dh


Module: ..\UART\COMMON\WRITEUART0.C (Library: zslLYD.lib) Version: 1:0 02/23/2005 13:32:38

    Name                                        Base        Top      Size
    --------------------------------------- ----------- ----------- ---------
    Segment: FAR_DATA                            E:0A02      E:0A02        1h
    Segment: teuart0_TEXT                        C:6BD4      C:6C8D       bah


Module: .\ANSI.C (File: ansi.obj) Version: 1:0 06/19/2014 14:45:38

    Name                                        Base        Top      Size
    --------------------------------------- ----------- ----------- ---------
    Segment: ansi_TEXT                           C:2C4E      C:366D      a20h
    Segment: FAR_DATA                            E:0302      E:0311       10h
    Segment: ROM_TEXT                            C:2BB8      C:2BDC       25h


Module: .\HELPER.C (File: helper.obj) Version: 1:0 06/16/2014 09:08:29

    Name                                        Base        Top      Size
    --------------------------------------- ----------- ----------- ---------
    Segment: helper_TEXT                         C:5BC9      C:5C04       3ch


Module: .\LED.C (File: led.obj) Version: 1:0 06/16/2014 09:08:29

    Name                                        Base        Top      Size
    --------------------------------------- ----------- ----------- ---------
    Segment: FAR_BSS                             E:02BD      E:02DC       20h
    Segment: FAR_DATA                            E:0819      E:09FE      1e6h
    Segment: led_TEXT                            C:5935      C:5BC8      294h


Module: .\MAIN.C (File: main.obj) Version: 1:0 06/19/2014 16:32:28

    Name                                        Base        Top      Size
    --------------------------------------- ----------- ----------- ---------
    Segment: FAR_BSS                             E:0102      E:02BC      1bbh
    Segment: FAR_DATA                            E:0312      E:0316        5h
    Segment: FAR_DATA                            E:0A03      E:0A1F       1dh
    Segment: main_TEXT                           C:366E      C:503F     19d2h
    Segment: ROM_DATA                            C:0038      C:2909     28d2h


Module: .\MATHFIX.C (File: MathFix.obj) Version: 1:0 06/17/2014 09:17:35

    Name                                        Base        Top      Size
    --------------------------------------- ----------- ----------- ---------
    Segment: mathfix_TEXT                        C:5040      C:5934      8f5h


Module: .\SINLUT.C (File: sinLUT.obj) Version: 1:0 06/17/2014 09:07:48

    Name                                        Base        Top      Size
    --------------------------------------- ----------- ----------- ---------
    Segment: FAR_DATA                            E:0317      E:0818      502h


Module: .\TIME.C (File: time.obj) Version: 1:0 06/17/2014 13:48:56

    Name                                        Base        Top      Size
    --------------------------------------- ----------- ----------- ---------
    Segment: __VECTORS                           C:0000      C:000D        eh
    Segment: time_TEXT                           C:5C05      C:5DFA      1f6h


Module: COMMON\ABS.C (Library: crtrevaaLDD.lib) Version: 1:0 02/23/2005 13:27:08

    Name                                        Base        Top      Size
    --------------------------------------- ----------- ----------- ---------
    Segment: abs_TEXT                            C:67DB      C:6818       3eh


Module: common\fpdumyl.asm (File: fpdumyL.obj) Version: 1:0 02/23/2005 13:22:38

    Name                                        Base        Top      Size
    --------------------------------------- ----------- ----------- ---------
    Segment: CODE                                C:290C      C:290C        1h
    Segment: FAR_BSS                             E:02DD      E:02E0        4h


Module: common\frame.asm (Library: crtrevaaLDD.lib) Version: 1:0 02/23/2005 13:27:20

    Name                                        Base        Top      Size
    --------------------------------------- ----------- ----------- ---------
    Segment: CODE                                C:290D      C:2973       67h


Module: COMMON\PRINT_GLOBALS.C (Library: crtrevaaLDD.lib) Version: 1:0 02/23/2005 13:27:11

    Name                                        Base        Top      Size
    --------------------------------------- ----------- ----------- ---------
    Segment: FAR_BSS                             E:02E1      E:02FB       1bh
    Segment: FAR_DATA                            E:0A00      E:0A01        2h


Module: COMMON\PRINT_PUTCH.C (Library: crtrevaaLDD.lib) Version: 1:0 02/23/2005 13:27:11

    Name                                        Base        Top      Size
    --------------------------------------- ----------- ----------- ---------
    Segment: t_putch_TEXT                        C:6587      C:659C       16h


Module: COMMON\PRINT_PUTROMSTRING.C (Library: crtrevaaLDD.lib) Version: 1:0 02/23/2005 13:27:12

    Name                                        Base        Top      Size
    --------------------------------------- ----------- ----------- ---------
    Segment: mstring_TEXT                        C:678E      C:67DA       4dh


Module: COMMON\PRINT_PUTSTRING.C (Library: crtrevaaLDD.lib) Version: 1:0 02/23/2005 13:27:12

    Name                                        Base        Top      Size
    --------------------------------------- ----------- ----------- ---------
    Segment: tstring_TEXT                        C:65CC      C:678D      1c2h


Module: COMMON\PRINT_SEND.C (Library: crtrevaaLDD.lib) Version: 1:0 02/23/2005 13:27:12

    Name                                        Base        Top      Size
    --------------------------------------- ----------- ----------- ---------
    Segment: nt_send_TEXT                        C:5EDD      C:60B0      1d4h


Module: COMMON\PRINT_SPUTCH.C (Library: crtrevaaLDD.lib) Version: 1:0 02/23/2005 13:27:11

    Name                                        Base        Top      Size
    --------------------------------------- ----------- ----------- ---------
    Segment: _sputch_TEXT                        C:659D      C:65CB       2fh


Module: COMMON\PRINT_UPUTCH.C (Library: crtrevaaLDD.lib) Version: 1:0 02/23/2005 13:27:11

    Name                                        Base        Top      Size
    --------------------------------------- ----------- ----------- ---------
    Segment: _uputch_TEXT                        C:656E      C:6586       19h


Module: COMMON\SIO.C (Library: crtrevaaLDD.lib) Version: 1:0 02/23/2005 13:27:13

    Name                                        Base        Top      Size
    --------------------------------------- ----------- ----------- ---------
    Segment: FAR_DATA                            E:09FF      E:09FF        1h
    Segment: sio_TEXT                            C:5DFB      C:5EDC       e2h


Module: common\sldiv.asm (Library: crtrevaaLDD.lib) Version: 1:0 02/23/2005 13:27:19

    Name                                        Base        Top      Size
    --------------------------------------- ----------- ----------- ---------
    Segment: CODE                                C:2AEE      C:2B48       5bh


Module: COMMON\STRLEN.C (Library: crtrevaaLDD.lib) Version: 1:0 02/23/2005 13:27:14

    Name                                        Base        Top      Size
    --------------------------------------- ----------- ----------- ---------
    Segment: strlen_TEXT                         C:64E1      C:6522       42h


Module: common\swdiv.asm (Library: crtrevaaLDD.lib) Version: 1:0 02/23/2005 13:27:19

    Name                                        Base        Top      Size
    --------------------------------------- ----------- ----------- ---------
    Segment: CODE                                C:2974      C:29AE       3bh


Module: common\ubdiv.asm (Library: crtrevaaLDD.lib) Version: 1:0 02/23/2005 13:27:19

    Name                                        Base        Top      Size
    --------------------------------------- ----------- ----------- ---------
    Segment: CODE                                C:2A7A      C:2A98       1fh


Module: common\ucase.asm (Library: crtrevaaLDD.lib) Version: 1:0 02/23/2005 13:27:19

    Name                                        Base        Top      Size
    --------------------------------------- ----------- ----------- ---------
    Segment: CODE                                C:2B7A      C:2BB7       3eh


Module: common\uldiv.asm (Library: crtrevaaLDD.lib) Version: 1:0 02/23/2005 13:27:19

    Name                                        Base        Top      Size
    --------------------------------------- ----------- ----------- ---------
    Segment: CODE                                C:2A99      C:2AED       55h


Module: common\ulmul.asm (Library: crtrevaaLDD.lib) Version: 1:0 02/23/2005 13:27:19

    Name                                        Base        Top      Size
    --------------------------------------- ----------- ----------- ---------
    Segment: CODE                                C:29AF      C:2A46       98h


Module: COMMON\ULTOA.C (Library: crtrevaaLDD.lib) Version: 1:0 02/23/2005 13:27:16

    Name                                        Base        Top      Size
    --------------------------------------- ----------- ----------- ---------
    Segment: ultoa_TEXT                          C:60C8      C:64E0      419h


Module: COMMON\UREVERSE.C (Library: crtrevaaLDD.lib) Version: 1:0 02/23/2005 13:27:17

    Name                                        Base        Top      Size
    --------------------------------------- ----------- ----------- ---------
    Segment: reverse_TEXT                        C:6819      C:68ED       d5h


Module: COMMON\USTOA.C (Library: crtrevaaLDD.lib) Version: 1:0 02/23/2005 13:27:18

    Name                                        Base        Top      Size
    --------------------------------------- ----------- ----------- ---------
    Segment: ustoa_TEXT                          C:6547      C:656D       27h


Module: COMMON\UULTOA.C (Library: crtrevaaLDD.lib) Version: 1:0 02/23/2005 13:27:18

    Name                                        Base        Top      Size
    --------------------------------------- ----------- ----------- ---------
    Segment: uultoa_TEXT                         C:68EE      C:6B76      289h


Module: COMMON\UUSTOA.C (Library: crtrevaaLDD.lib) Version: 1:0 02/23/2005 13:27:18

    Name                                        Base        Top      Size
    --------------------------------------- ----------- ----------- ---------
    Segment: uustoa_TEXT                         C:6523      C:6546       24h


Module: common\uwdiv.asm (Library: crtrevaaLDD.lib) Version: 1:0 02/23/2005 13:27:19

    Name                                        Base        Top      Size
    --------------------------------------- ----------- ----------- ---------
    Segment: CODE                                C:2B49      C:2B79       31h


Module: common\uwmul.asm (Library: crtrevaaLDD.lib) Version: 1:0 02/23/2005 13:27:19

    Name                                        Base        Top      Size
    --------------------------------------- ----------- ----------- ---------
    Segment: CODE                                C:2A47      C:2A79       33h


Module: D:\GitHub\30010_Programmeringsprojekt\zsldevinit.asm (File: zsldevinit.obj) Version: 1:0 06/16/2014 09:08:29

    Name                                        Base        Top      Size
    --------------------------------------- ----------- ----------- ---------
    Segment: CODE                                C:290A      C:290B        2h
    Segment: FAR_DATA                            E:02FD      E:0301        5h


Module: get_freq.asm (Library: crtrevaaLDD.lib) Version: 1:0 02/23/2005 13:27:19

    Name                                        Base        Top      Size
    --------------------------------------- ----------- ----------- ---------
    Segment: getfreq_TEXT                        C:60B1      C:60C7       17h

EXTERNAL DEFINITIONS:
=====================

Symbol                             Address   Module          Segment
-------------------------------- ----------- --------------- --------------------------------
_0__far_atof                          E:02DD fpdumyl         FAR_BSS                         
_0__far_frexp                         E:02DD fpdumyl         FAR_BSS                         
_0__far_modf                          E:02DD fpdumyl         FAR_BSS                         
_0__far_strtod                        E:02DD fpdumyl         FAR_BSS                         
_0__near_atof                         E:02DD fpdumyl         FAR_BSS                         
_0__near_frexp                        E:02DD fpdumyl         FAR_BSS                         
_0__near_modf                         E:02DD fpdumyl         FAR_BSS                         
_0__near_strtod                       E:02DD fpdumyl         FAR_BSS                         
_0__u_dtoe                            E:02DD fpdumyl         FAR_BSS                         
_0__u_dtof                            E:02DD fpdumyl         FAR_BSS                         
_0__u_dtog                            E:02DD fpdumyl         FAR_BSS                         
_0__u_flt_info                        E:02DD fpdumyl         FAR_BSS                         
_0__u_flt_rnd                         E:02DD fpdumyl         FAR_BSS                         
_0_acos                               E:02DD fpdumyl         FAR_BSS                         
_0_asin                               E:02DD fpdumyl         FAR_BSS                         
_0_atan                               E:02DD fpdumyl         FAR_BSS                         
_0_atan2                              E:02DD fpdumyl         FAR_BSS                         
_0_ceil                               E:02DD fpdumyl         FAR_BSS                         
_0_cosh                               E:02DD fpdumyl         FAR_BSS                         
_0_exp                                E:02DD fpdumyl         FAR_BSS                         
_0_fabs                               E:02DD fpdumyl         FAR_BSS                         
_0_floor                              E:02DD fpdumyl         FAR_BSS                         
_0_fmod                               E:02DD fpdumyl         FAR_BSS                         
_0_ldexp                              E:02DD fpdumyl         FAR_BSS                         
_0_log                                E:02DD fpdumyl         FAR_BSS                         
_0_log10                              E:02DD fpdumyl         FAR_BSS                         
_0_pow                                E:02DD fpdumyl         FAR_BSS                         
_0_sinh                               E:02DD fpdumyl         FAR_BSS                         
_0_sqrt                               E:02DD fpdumyl         FAR_BSS                         
_0_tan                                E:02DD fpdumyl         FAR_BSS                         
_0_tanh                               E:02DD fpdumyl         FAR_BSS                         
_1__far_frexp                         E:02DD fpdumyl         FAR_BSS                         
_1__far_modf                          E:02DD fpdumyl         FAR_BSS                         
_1__far_strtod                        E:02DD fpdumyl         FAR_BSS                         
_1__near_frexp                        E:02DD fpdumyl         FAR_BSS                         
_1__near_modf                         E:02DD fpdumyl         FAR_BSS                         
_1__near_strtod                       E:02DD fpdumyl         FAR_BSS                         
_1__u_dtoe                            E:02DD fpdumyl         FAR_BSS                         
_1__u_dtof                            E:02DD fpdumyl         FAR_BSS                         
_1__u_dtog                            E:02DD fpdumyl         FAR_BSS                         
_1__u_flt_info                        E:02DD fpdumyl         FAR_BSS                         
_1__u_flt_rnd                         E:02DD fpdumyl         FAR_BSS                         
_1_atan2                              E:02DD fpdumyl         FAR_BSS                         
_1_fmod                               E:02DD fpdumyl         FAR_BSS                         
_1_ldexp                              E:02DD fpdumyl         FAR_BSS                         
_1_pow                                E:02DD fpdumyl         FAR_BSS                         
_1_strtod                             E:02DD fpdumyl         FAR_BSS                         
_2__u_dtoe                            E:02DD fpdumyl         FAR_BSS                         
_2__u_dtof                            E:02DD fpdumyl         FAR_BSS                         
_2__u_dtog                            E:02DD fpdumyl         FAR_BSS                         
_2__u_flt_info                        E:02DD fpdumyl         FAR_BSS                         
___print_buff                         E:02E1 PRINT_GLOBALS   FAR_BSS                         
___print_fmt                          E:02ED PRINT_GLOBALS   FAR_BSS                         
___print_leading_char                 E:02F9 PRINT_GLOBALS   FAR_BSS                         
___print_len                          E:02F8 PRINT_GLOBALS   FAR_BSS                         
___print_out                          E:02FA PRINT_GLOBALS   FAR_BSS                         
___print_putch                        C:6587 PRINT_PUTCH     t_putch_TEXT                    
___print_putromstring                 C:678E PRINT_PUTROMSTR mstring_TEXT                    
___print_send                         C:5EDD PRINT_SEND      nt_send_TEXT                    
___print_sendstring                   C:65CC PRINT_PUTSTRING tstring_TEXT                    
___print_sputch                       C:659D PRINT_SPUTCH    _sputch_TEXT                    
___print_uputch                       C:656E PRINT_UPUTCH    _uputch_TEXT                    
___print_xputch                       E:0A00 PRINT_GLOBALS   FAR_DATA                        
__close_periphdevice                  C:290B zsldevinit      CODE                            
__far_atof                            C:290C fpdumyl         CODE                            
__far_frexp                           C:290C fpdumyl         CODE                            
__far_modf                            C:290C fpdumyl         CODE                            
__far_strlen                          C:64E1 STRLEN          strlen_TEXT                     
__far_strtod                          C:290C fpdumyl         CODE                            
__fpadd                               C:290C fpdumyl         CODE                            
__fpcmp                               C:290C fpdumyl         CODE                            
__fpdiv                               C:290C fpdumyl         CODE                            
__fpftol                              C:290C fpdumyl         CODE                            
__fpltof                              C:290C fpdumyl         CODE                            
__fpmul                               C:290C fpdumyl         CODE                            
__fpneg                               C:290C fpdumyl         CODE                            
__fppack                              C:290C fpdumyl         CODE                            
__fpsub                               C:290C fpdumyl         CODE                            
__fpultof                             C:290C fpdumyl         CODE                            
__fpupop1                             C:290C fpdumyl         CODE                            
__fpupop2                             C:290C fpdumyl         CODE                            
__framereset                          C:2938 frame           CODE                            
__frameset                            C:2919 frame           CODE                            
__frameset0                           C:2917 frame           CODE                            
__frameset00                          C:2915 frame           CODE                            
__iframereset                         C:294F frame           CODE                            
__iframeset00                         C:290D frame           CODE                            
__intrp                               E:02FC startupl        FAR_DATA                        
__near_atof                           C:290C fpdumyl         CODE                            
__near_frexp                          C:290C fpdumyl         CODE                            
__near_modf                           C:290C fpdumyl         CODE                            
__near_strtod                         C:290C fpdumyl         CODE                            
__open_periphdevice                   C:290A zsldevinit      CODE                            
__sldiv                               C:2AEE sldiv           CODE                            
__slmul                               C:29AF ulmul           CODE                            
__swdiv                               C:2974 swdiv           CODE                            
__swmul                               C:2A47 uwmul           CODE                            
__u_dtoe                              C:290C fpdumyl         CODE                            
__u_dtof                              C:290C fpdumyl         CODE                            
__u_dtog                              C:290C fpdumyl         CODE                            
__u_flt_info                          C:290C fpdumyl         CODE                            
__u_flt_rnd                           C:290C fpdumyl         CODE                            
__u_ltoa                              C:60C8 ULTOA           ultoa_TEXT                      
__u_reverse                           C:6819 UREVERSE        reverse_TEXT                    
__u_stoa                              C:6547 USTOA           ustoa_TEXT                      
__u_ultoa                             C:68EE UULTOA          uultoa_TEXT                     
__u_ustoa                             C:6523 UUSTOA          uustoa_TEXT                     
__ubdiv                               C:2A7A ubdiv           CODE                            
__ucase                               C:2B7A ucase           CODE                            
__uldiv                               C:2A99 uldiv           CODE                            
__ulmul                               C:29AF ulmul           CODE                            
__user_frequency                    01194000 (User Defined)
__uwdiv                               C:2B49 uwdiv           CODE                            
__uwmul                               C:2A47 uwmul           CODE                            
_abs                                  C:67DB ABS             abs_TEXT                        
_acos                                 C:290C fpdumyl         CODE                            
_addLives                             C:37B9 MAIN            main_TEXT                       
_addPoints                            C:3752 MAIN            main_TEXT                       
_addShots                             C:38A4 MAIN            main_TEXT                       
_angle                                C:3698 MAIN            main_TEXT                       
_arccos                               C:51F7 MATHFIX         mathfix_TEXT                    
_arcsin                               C:510F MATHFIX         mathfix_TEXT                    
_ARCSIN                               E:0717 SINLUT          FAR_DATA                        
_asin                                 C:290C fpdumyl         CODE                            
_atan                                 C:290C fpdumyl         CODE                            
_atan2                                C:290C fpdumyl         CODE                            
_ball_p                               E:0109 MAIN            FAR_BSS                         
_ball_v                               E:0111 MAIN            FAR_BSS                         
_bgcolor                              C:32FD ANSI            ansi_TEXT                       
_blink                                C:2D7B ANSI            ansi_TEXT                       
_bullits                              E:029F MAIN            FAR_BSS                         
_c_startup                            C:2BDD startupl        startup                         
_ceil                                 C:290C fpdumyl         CODE                            
_character_data                       E:0819 LED             FAR_DATA                        
_clockLed                             C:5954 LED             led_TEXT                        
_close_periphdevice                   C:290B zsldevinit      CODE                            
_clreol                               C:2C7F ANSI            ansi_TEXT                       
_clrscr                               C:2C4E ANSI            ansi_TEXT                       
_color                                C:3348 ANSI            ansi_TEXT                       
_cos                                  C:50D2 MATHFIX         mathfix_TEXT                    
_cosh                                 C:290C fpdumyl         CODE                            
_dotP                                 C:5239 MATHFIX         mathfix_TEXT                    
_drawBall                             C:3ABE MAIN            main_TEXT                       
_drawBullits                          C:4407 MAIN            main_TEXT                       
_drawStriker                          C:3638 ANSI            ansi_TEXT                       
_drawTile                             C:31D6 ANSI            ansi_TEXT                       
_drawTiles                            C:398E MAIN            main_TEXT                       
_errno                                E:0100 startupl        FAR_BSS                         
_exit                                 C:2C4C startupl        startup                         
_exp                                  C:290C fpdumyl         CODE                            
_expand                               C:5912 MATHFIX         mathfix_TEXT                    
_fabs                                 C:290C fpdumyl         CODE                            
_far_heapbot                        00000A1F (User Defined)
_far_heaptop                        00000EFF (User Defined)
_far_stack                          00000EFF (User Defined)
_fgcolor                              C:3267 ANSI            ansi_TEXT                       
_fireBullit                           C:4E53 MAIN            main_TEXT                       
_fireButtonAction                     C:4EA7 MAIN            main_TEXT                       
_FIX14_POW                            C:5428 MATHFIX         mathfix_TEXT                    
_FIX14_SQRT                           C:54C2 MATHFIX         mathfix_TEXT                    
_floor                                C:290C fpdumyl         CODE                            
_fmod                                 C:290C fpdumyl         CODE                            
_frame                                C:342F ANSI            ansi_TEXT                       
_frameBounds                          E:0312 MAIN            FAR_DATA                        
_frameChars                           E:0302 ANSI            FAR_DATA                        
_g_clock0                             E:02FE zsldevinit      FAR_DATA                        
_g_clock1                             E:02FE zsldevinit      FAR_DATA                        
_g_simulate                           E:02FD zsldevinit      FAR_DATA                        
_g_Txflag0                            E:0A02 WRITEUART0      FAR_DATA                        
_gameover                             C:146A MAIN            ROM_DATA                        
_gameState                            E:0108 MAIN            FAR_BSS                         
_gameState_last                       E:0316 MAIN            FAR_DATA                        
_get_freq                             C:60B5 get_freq        getfreq_TEXT                    
_getB                                 C:366E MAIN            main_TEXT                       
_gotoxy                               C:2CB0 ANSI            ansi_TEXT                       
_init                                 C:3700 MAIN            main_TEXT                       
_init_led                             C:5935 LED             led_TEXT                        
_init_time                            C:5C23 TIME            time_TEXT                       
_init_uart                            C:5E29 SIO             sio_TEXT                        
_initGame                             C:49C4 MAIN            main_TEXT                       
_ldexp                                C:290C fpdumyl         CODE                            
_LEDcharNum                           E:09FA LED             FAR_DATA                        
_LEDcolumn                            E:09FD LED             FAR_DATA                        
_LEDdigit                             E:09FB LED             FAR_DATA                        
_LEDscrollCount                       E:09F6 LED             FAR_DATA                        
_LEDscrollDiv                         E:09F8 LED             FAR_DATA                        
_LEDsetString                         C:59A8 LED             led_TEXT                        
_LEDupdate                            C:5AB3 LED             led_TEXT                        
_LEDupdateCount                       E:09F4 LED             FAR_DATA                        
_LEDupdateFLAG                        E:0106 MAIN            FAR_BSS                         
_len_farbss                         000001FC (User Defined)
_len_fardata                        00000724 (User Defined)
_len_nearbss                        00000000 (User Defined)
_len_neardata                       00000000 (User Defined)
_lives                                E:011C MAIN            FAR_BSS                         
_log                                  C:290C fpdumyl         CODE                            
_log10                                C:290C fpdumyl         CODE                            
_low_far_romdata                    00006C8E (User Defined)
_low_farbss                         00000100 (User Defined)
_low_fardata                        000002FC (User Defined)
_low_near_romdata                   00000000 (User Defined)
_low_nearbss                        00000000 (User Defined)
_low_neardata                       00000000 (User Defined)
_main                                 C:4ED9 MAIN            main_TEXT                       
_milis                                E:0102 MAIN            FAR_BSS                         
_moveStriker                          C:4B56 MAIN            main_TEXT                       
_near_heapbot                       000000EF (User Defined)
_near_heaptop                       000000FF (User Defined)
_near_stack                         000000FF (User Defined)
_newGame                              C:4CCF MAIN            main_TEXT                       
_open_periphdevice                    C:290A zsldevinit      CODE                            
_points                               E:011D MAIN            FAR_BSS                         
_pow                                  C:290C fpdumyl         CODE                            
_printContinue                        C:49BD MAIN            main_TEXT                       
_printFix                             C:581C MATHFIX         mathfix_TEXT                    
_printGameOver                        C:4834 MAIN            main_TEXT                       
_printStartScreen                     C:46B3 MAIN            main_TEXT                       
_printTime                            C:5C54 TIME            time_TEXT                       
_pString                              E:02BD LED             FAR_BSS                         
_putch                                C:6B77 PUTCH           putch_TEXT                      
_resetbgcolor                         C:33FE ANSI            ansi_TEXT                       
_reverse                              C:2DDF ANSI            ansi_TEXT                       
_rotate                               C:5693 MATHFIX         mathfix_TEXT                    
_select_port                          C:5DFB SIO             sio_TEXT                        
_setVec                               C:5040 MATHFIX         mathfix_TEXT                    
_shots                                E:011E MAIN            FAR_BSS                         
_sin                                  C:509B MATHFIX         mathfix_TEXT                    
_SIN                                  E:0317 SINLUT          FAR_DATA                        
_sinh                                 C:290C fpdumyl         CODE                            
_sqrt                                 C:290C fpdumyl         CODE                            
_startscreen                          C:0038 MAIN            ROM_DATA                        
_striker_v                            E:011B MAIN            FAR_BSS                         
_strikerLen                           E:011A MAIN            FAR_BSS                         
_strikerPos                           E:0119 MAIN            FAR_BSS                         
_strlen                               C:5BC9 HELPER          helper_TEXT                     
_tan                                  C:290C fpdumyl         CODE                            
_tanh                                 C:290C fpdumyl         CODE                            
_tileRows                             E:0107 MAIN            FAR_BSS                         
_Tiles                                E:011F MAIN            FAR_BSS                         
_timer0int                            C:5C05 TIME            time_TEXT                       
_underline                            C:2D17 ANSI            ansi_TEXT                       
_updateGameState                      C:4D73 MAIN            main_TEXT                       
_vecAngle                             C:53A6 MATHFIX         mathfix_TEXT                    
_vecMag                               C:55AC MATHFIX         mathfix_TEXT                    
_vecMagSquared                        C:52D2 MATHFIX         mathfix_TEXT                    
_videoBuf                             E:02BF LED             FAR_BSS                         
_window                               C:2E43 ANSI            ansi_TEXT                       
_write_UART0                          C:6BD4 WRITEUART0      teuart0_TEXT                    
_zsl_g_clock_xdefine                01194000 (User Defined)

249 external symbol(s).


START ADDRESS:
==============
(C:2BDD) set in module ..\..\src\boot\common\startupl.asm.

CALL GRAPH
==========
Depth Address    CF Function                       Calls Function
----- ---------- -- ------------------------------ --------------------------------
    1 R:20        0 _get_freq                      ->
    2 E:0100      0 _f__far_modf                   ->
    3 R:20        0 _n__floor                      ->
    4 R:20        0 _n___u_flt_rnd                 ->
    5 R:20        0 _n__far_modf                   ->
    6 R:20        0 _n__sqrt                       ->
    7 R:20        0 _n__near_modf                  ->
    8 E:0100      0 _f__atan                       ->
    9 E:0100      0 _f__pow                        ->
   10 R:20        0 _n__near_strtod                ->
   11 E:0100      0 _f__atan2                      ->
   12 R:20        0 _n__far_strtod                 ->
   13 E:0100      0 _f__far_strtod                 ->
   14 R:20        0 _n__atan                       ->
   15 E:0100      0 _f__log10                      ->
   16 E:0100      0 _f__log                        ->
   17 E:0100      0 _f__floor                      ->
   18 R:20        0 _n__exp                        ->
   19 E:0100      0 _f__fmod                       ->
   20 E:0100      0 _f__near_modf                  ->
   21 R:20        0 _n__tan                        ->
   22 E:0100      0 _f___u_flt_info                ->
   23 R:20        0 _n__atan2                      ->
   24 R:20        0 _n__near_atof                  ->
   25 E:0100      0 _f__far_atof                   ->
   26 R:20        0 _n__far_atof                   ->
   27 E:0100      0 _f__acos                       ->
   28 E:0100      0 _f__cosh                       ->
   29 R:20        0 _n___u_dtog                    ->
   30 R:20        0 _n___u_dtof                    ->
   31 R:20        0 _n___u_dtoe                    ->
   32 R:20        0 _n__cosh                       ->
   33 R:20        0 _n__sinh                       ->
   34 R:20        0 _n__acos                       ->
   35 E:0100      0 _f__far_frexp                  ->
   36 E:0100      0 _f__tan                        ->
   37 R:20        0 _n__ldexp                      ->
   38 E:0100      0 _f__tanh                       ->
   39 R:20        0 _n___u_flt_info                ->
   40 E:0100      0 _f__sinh                       ->
   41 E:0100      0 _f__near_frexp                 ->
   42 E:0100      0 _f__near_atof                  ->
   43 E:0100      0 _f___u__dtog                   ->
   44 E:0100      0 _f___u__dtof                   ->
   45 E:0100      0 _f___u__dtoe                   ->
   46 R:20        0 _n__tanh                       ->
   47 R:20        0 _n__near_frexp                 ->
   48 R:20        0 _n__far_frexp                  ->
   49 E:0100      0 _f__ldexp                      ->
   50 E:0100      0 _f__asin                       ->
   51 R:20        0 _n__fabs                       ->
   52 E:0100      0 _f__ceil                       ->
   53 R:20        0 _n__pow                        ->
   54 E:0100      0 _f__near_strtod                ->
   55 E:0100      0 _f__fabs                       ->
   56 R:20        0 _n__ceil                       ->
   57 R:20        0 _n__fmod                       ->
   58 R:20        0 _n__log10                      ->
   59 R:20        0 _n__asin                       ->
   60 E:0100      0 _f__sqrt                       ->
   61 E:0100      0 _f___u_flt_rnd                 ->
   62 R:20        0 _n__log                        ->
   63 E:0100      0 _f__exp                        ->


END OF LINK MAP:
================
0 Errors
0 Warnings
